{"duration":"3ms","ip":"::1","level":"info","message":"HTTP Request","method":"GET","service":"websocket-app","status":404,"timestamp":"2026-02-07 13:43:01","url":"/favicon.ico"}
{"duration":"10233ms","ip":"::1","level":"info","message":"HTTP Request","method":"GET","service":"websocket-app","status":500,"timestamp":"2026-02-07 13:43:12","url":"/"}
{"duration":"10248ms","ip":"::1","level":"info","message":"HTTP Request","method":"GET","service":"websocket-app","status":500,"timestamp":"2026-02-07 15:16:07","url":"/"}
{"duration":"10187ms","ip":"::1","level":"info","message":"HTTP Request","method":"GET","service":"websocket-app","status":500,"timestamp":"2026-02-07 15:17:38","url":"/"}
{"duration":"3ms","ip":"::1","level":"info","message":"HTTP Request","method":"GET","service":"websocket-app","status":404,"timestamp":"2026-02-09 00:29:25","url":"/favicon.ico"}
{"duration":"7957ms","ip":"::1","level":"info","message":"HTTP Request","method":"GET","service":"websocket-app","status":200,"timestamp":"2026-02-09 00:29:32","url":"/"}
{"duration":"2ms","ip":"::1","level":"info","message":"HTTP Request","method":"GET","service":"websocket-app","status":404,"timestamp":"2026-02-12 00:16:20","url":"/favicon.ico"}
{"duration":"7920ms","ip":"::1","level":"info","message":"HTTP Request","method":"GET","service":"websocket-app","status":500,"timestamp":"2026-02-12 00:16:27","url":"/"}
{"duration":"3030ms","ip":"::1","level":"info","message":"HTTP Request","method":"POST","service":"websocket-app","status":500,"timestamp":"2026-02-12 00:17:03","url":"/register"}
{"duration":"3857ms","ip":"::1","level":"info","message":"HTTP Request","method":"POST","service":"websocket-app","status":201,"timestamp":"2026-02-12 00:21:10","url":"/register"}
{"duration":"7ms","ip":"::1","level":"info","message":"HTTP Request","method":"POST","service":"websocket-app","status":400,"timestamp":"2026-02-12 00:21:21","url":"/login"}
{"duration":"7ms","ip":"::1","level":"info","message":"HTTP Request","method":"POST","service":"websocket-app","status":400,"timestamp":"2026-02-12 00:21:49","url":"/login"}
{"duration":"16646ms","ip":"::1","level":"info","message":"HTTP Request","method":"GET","service":"websocket-app","status":200,"timestamp":"2026-02-12 00:22:36","url":"/"}
{"duration":"5ms","ip":"::1","level":"info","message":"HTTP Request","method":"POST","service":"websocket-app","status":400,"timestamp":"2026-02-12 00:22:41","url":"/login"}
{"duration":"7ms","ip":"::1","level":"info","message":"HTTP Request","method":"POST","service":"websocket-app","status":400,"timestamp":"2026-02-12 00:23:54","url":"/login"}
{"duration":"7ms","ip":"::1","level":"info","message":"HTTP Request","method":"POST","service":"websocket-app","status":400,"timestamp":"2026-02-12 00:23:55","url":"/login"}
{"duration":"7495ms","ip":"::1","level":"info","message":"HTTP Request","method":"POST","service":"websocket-app","status":500,"timestamp":"2026-02-12 00:24:03","url":"/register"}
{"duration":"14ms","ip":"::1","level":"info","message":"HTTP Request","method":"POST","service":"websocket-app","status":400,"timestamp":"2026-02-12 00:29:29","url":"/login"}
{"duration":"7050ms","ip":"::1","level":"info","message":"HTTP Request","method":"POST","service":"websocket-app","status":200,"timestamp":"2026-02-12 00:31:45","url":"/login"}
{"duration":"6558ms","ip":"::1","level":"info","message":"HTTP Request","method":"GET","service":"websocket-app","status":304,"timestamp":"2026-02-12 00:31:52","url":"/"}
{"duration":"7302ms","ip":"::1","level":"info","message":"HTTP Request","method":"GET","service":"websocket-app","status":304,"timestamp":"2026-02-12 00:33:33","url":"/"}
{"duration":"7399ms","ip":"::1","level":"info","message":"HTTP Request","method":"POST","service":"websocket-app","status":200,"timestamp":"2026-02-12 01:13:02","url":"/login"}
{"duration":"2ms","ip":"::1","level":"info","message":"HTTP Request","method":"GET","service":"websocket-app","status":200,"timestamp":"2026-02-12 01:13:40","url":"/me"}
{"duration":"7255ms","ip":"::1","level":"info","message":"HTTP Request","method":"GET","service":"websocket-app","status":200,"timestamp":"2026-02-12 01:16:40","url":"/me"}
{"duration":"519ms","ip":"::1","level":"info","message":"HTTP Request","method":"GET","service":"websocket-app","status":500,"timestamp":"2026-02-12 10:33:36","url":"/"}
{"duration":"43ms","ip":"::1","level":"info","message":"HTTP Request","method":"POST","service":"websocket-app","status":500,"timestamp":"2026-02-12 10:33:53","url":"/login"}
{"duration":"7ms","ip":"::1","level":"info","message":"HTTP Request","method":"POST","service":"websocket-app","status":500,"timestamp":"2026-02-12 10:33:57","url":"/login"}
{"duration":"9ms","ip":"::1","level":"info","message":"HTTP Request","method":"POST","service":"websocket-app","status":500,"timestamp":"2026-02-12 10:33:58","url":"/login"}
{"duration":"7ms","ip":"::1","level":"info","message":"HTTP Request","method":"POST","service":"websocket-app","status":500,"timestamp":"2026-02-12 10:33:58","url":"/login"}
{"duration":"7ms","ip":"::1","level":"info","message":"HTTP Request","method":"POST","service":"websocket-app","status":500,"timestamp":"2026-02-12 10:33:58","url":"/login"}
{"duration":"4ms","ip":"::1","level":"info","message":"HTTP Request","method":"POST","service":"websocket-app","status":500,"timestamp":"2026-02-12 10:33:59","url":"/login"}
{"duration":"4ms","ip":"::1","level":"info","message":"HTTP Request","method":"POST","service":"websocket-app","status":500,"timestamp":"2026-02-12 10:33:59","url":"/login"}
{"duration":"3ms","ip":"::1","level":"info","message":"HTTP Request","method":"POST","service":"websocket-app","status":500,"timestamp":"2026-02-12 10:33:59","url":"/login"}
{"duration":"7ms","ip":"::1","level":"info","message":"HTTP Request","method":"POST","service":"websocket-app","status":500,"timestamp":"2026-02-12 10:33:59","url":"/login"}
{"duration":"3ms","ip":"::1","level":"info","message":"HTTP Request","method":"POST","service":"websocket-app","status":500,"timestamp":"2026-02-12 10:34:00","url":"/login"}
{"duration":"1ms","ip":"::1","level":"info","message":"HTTP Request","method":"POST","service":"websocket-app","status":429,"timestamp":"2026-02-12 10:34:00","url":"/login"}
{"duration":"2ms","ip":"::1","level":"info","message":"HTTP Request","method":"POST","service":"websocket-app","status":429,"timestamp":"2026-02-12 10:34:00","url":"/login"}
{"duration":"1ms","ip":"::1","level":"info","message":"HTTP Request","method":"POST","service":"websocket-app","status":429,"timestamp":"2026-02-12 10:34:00","url":"/login"}
{"duration":"3ms","ip":"::1","level":"info","message":"HTTP Request","method":"POST","service":"websocket-app","status":429,"timestamp":"2026-02-12 10:34:00","url":"/login"}
{"duration":"1ms","ip":"::1","level":"info","message":"HTTP Request","method":"POST","service":"websocket-app","status":429,"timestamp":"2026-02-12 10:34:00","url":"/login"}
{"duration":"0ms","ip":"::1","level":"info","message":"HTTP Request","method":"POST","service":"websocket-app","status":429,"timestamp":"2026-02-12 10:34:01","url":"/login"}
{"duration":"8181ms","ip":"::1","level":"info","message":"HTTP Request","method":"GET","service":"websocket-app","status":200,"timestamp":"2026-02-12 11:52:01","url":"/"}
{"duration":"1854ms","ip":"::1","level":"info","message":"HTTP Request","method":"GET","service":"websocket-app","status":200,"timestamp":"2026-02-12 11:52:02","url":"/health"}
{"duration":"2ms","ip":"::1","level":"info","message":"HTTP Request","method":"GET","service":"websocket-app","status":404,"timestamp":"2026-02-12 13:19:20","url":"/favicon.ico"}
{"duration":"7516ms","ip":"::1","level":"info","message":"HTTP Request","method":"GET","service":"websocket-app","status":304,"timestamp":"2026-02-12 13:19:27","url":"/"}
{"duration":"1689ms","ip":"::1","level":"info","message":"HTTP Request","method":"POST","service":"websocket-app","status":200,"timestamp":"2026-02-12 13:19:59","url":"/login"}
{"duration":"2267ms","ip":"::1","level":"info","message":"HTTP Request","method":"GET","service":"websocket-app","status":304,"timestamp":"2026-02-12 13:20:01","url":"/"}
{"duration":"17105ms","ip":"::1","level":"info","message":"HTTP Request","method":"GET","service":"websocket-app","status":304,"timestamp":"2026-02-12 13:49:21","url":"/"}
{"duration":"3461ms","ip":"::1","level":"info","message":"HTTP Request","method":"POST","service":"websocket-app","status":200,"timestamp":"2026-02-12 13:49:32","url":"/login"}
{"duration":"2521ms","ip":"::1","level":"info","message":"HTTP Request","method":"GET","service":"websocket-app","status":304,"timestamp":"2026-02-12 13:49:34","url":"/"}
{"duration":"7859ms","ip":"::1","level":"info","message":"HTTP Request","method":"GET","service":"websocket-app","status":304,"timestamp":"2026-02-12 13:52:09","url":"/"}
{"duration":"2457ms","ip":"::1","level":"info","message":"HTTP Request","method":"POST","service":"websocket-app","status":200,"timestamp":"2026-02-12 13:52:23","url":"/login"}
{"duration":"1573ms","ip":"::1","level":"info","message":"HTTP Request","method":"GET","service":"websocket-app","status":304,"timestamp":"2026-02-12 13:52:24","url":"/"}
{"duration":"2598ms","ip":"::1","level":"info","message":"HTTP Request","method":"POST","service":"websocket-app","status":200,"timestamp":"2026-02-12 13:54:58","url":"/login"}
{"duration":"1556ms","ip":"::1","level":"info","message":"HTTP Request","method":"GET","service":"websocket-app","status":200,"timestamp":"2026-02-12 13:54:59","url":"/"}
{"duration":"3194ms","ip":"::1","level":"info","message":"HTTP Request","method":"POST","service":"websocket-app","status":201,"timestamp":"2026-02-12 13:55:20","url":"/"}
{"duration":"3529ms","ip":"::1","level":"info","message":"HTTP Request","method":"POST","service":"websocket-app","status":500,"timestamp":"2026-02-12 13:55:20","url":"/"}
{"duration":"430ms","ip":"::1","level":"info","message":"HTTP Request","method":"GET","service":"websocket-app","status":200,"timestamp":"2026-02-12 13:55:20","url":"/"}
{"duration":"8122ms","ip":"::1","level":"info","message":"HTTP Request","method":"GET","service":"websocket-app","status":304,"timestamp":"2026-02-12 13:57:33","url":"/"}
{"duration":"8428ms","ip":"::1","level":"info","message":"HTTP Request","method":"POST","service":"websocket-app","status":201,"timestamp":"2026-02-12 13:58:12","url":"/register"}
{"duration":"11447ms","ip":"::1","level":"info","message":"HTTP Request","method":"GET","service":"websocket-app","status":304,"timestamp":"2026-02-12 13:58:23","url":"/"}
{"duration":"7ms","ip":"::1","level":"info","message":"HTTP Request","method":"GET","service":"websocket-app","status":401,"timestamp":"2026-02-12 14:01:19","url":"/"}
{"duration":"17658ms","ip":"::1","level":"info","message":"HTTP Request","method":"POST","service":"websocket-app","status":200,"timestamp":"2026-02-12 14:02:31","url":"/login"}
{"duration":"1ms","ip":"::1","level":"info","message":"HTTP Request","method":"GET","service":"websocket-app","status":401,"timestamp":"2026-02-12 14:02:31","url":"/"}
{"duration":"2ms","ip":"::1","level":"info","message":"HTTP Request","method":"GET","service":"websocket-app","status":401,"timestamp":"2026-02-12 14:05:32","url":"/"}
{"duration":"19336ms","ip":"::1","level":"info","message":"HTTP Request","method":"POST","service":"websocket-app","status":200,"timestamp":"2026-02-12 14:06:17","url":"/login"}
{"duration":"2483ms","ip":"::1","level":"info","message":"HTTP Request","method":"GET","service":"websocket-app","status":304,"timestamp":"2026-02-12 14:06:19","url":"/"}
{"duration":"2ms","ip":"::1","level":"info","message":"HTTP Request","method":"GET","service":"websocket-app","status":404,"timestamp":"2026-02-12 22:20:49","url":"/favicon.ico"}
{"duration":"10ms","ip":"::1","level":"info","message":"HTTP Request","method":"GET","service":"websocket-app","status":401,"timestamp":"2026-02-12 22:20:49","url":"/"}
{"duration":"4ms","ip":"::1","level":"info","message":"HTTP Request","method":"GET","service":"websocket-app","status":401,"timestamp":"2026-02-12 22:20:53","url":"/"}
{"duration":"7469ms","ip":"::1","level":"info","message":"HTTP Request","method":"POST","service":"websocket-app","status":200,"timestamp":"2026-02-12 22:21:17","url":"/login"}
{"duration":"9842ms","ip":"::1","level":"info","message":"HTTP Request","method":"GET","service":"websocket-app","status":304,"timestamp":"2026-02-12 22:21:27","url":"/"}
{"duration":"11899ms","ip":"::1","level":"info","message":"HTTP Request","method":"POST","service":"websocket-app","status":200,"timestamp":"2026-02-12 22:22:15","url":"/login"}
{"duration":"7095ms","ip":"::1","level":"info","message":"HTTP Request","method":"GET","service":"websocket-app","status":304,"timestamp":"2026-02-12 22:22:22","url":"/"}
{"duration":"6557ms","ip":"::1","level":"info","message":"HTTP Request","method":"GET","service":"websocket-app","status":304,"timestamp":"2026-02-12 22:23:51","url":"/"}
{"duration":"1851ms","ip":"::1","level":"info","message":"HTTP Request","method":"POST","service":"websocket-app","status":200,"timestamp":"2026-02-12 22:39:01","url":"/login"}
{"duration":"1551ms","ip":"::1","level":"info","message":"HTTP Request","method":"GET","service":"websocket-app","status":304,"timestamp":"2026-02-12 22:39:03","url":"/"}
{"duration":"221ms","ip":"::1","level":"info","message":"HTTP Request","method":"GET","service":"websocket-app","status":304,"timestamp":"2026-02-12 22:39:05","url":"/"}
{"duration":"7199ms","ip":"::1","level":"info","message":"HTTP Request","method":"GET","service":"websocket-app","status":200,"timestamp":"2026-02-12 22:41:02","url":"/health"}
{"duration":"345ms","ip":"::1","level":"info","message":"HTTP Request","method":"GET","service":"websocket-app","status":401,"timestamp":"2026-02-12 22:43:22","url":"/"}
{"duration":"23ms","ip":"::1","level":"info","message":"HTTP Request","method":"GET","service":"websocket-app","status":401,"timestamp":"2026-02-12 22:56:23","url":"/"}
{"duration":"7265ms","ip":"::1","level":"info","message":"HTTP Request","method":"POST","service":"websocket-app","status":400,"timestamp":"2026-02-12 22:56:25","url":"/login"}
{"duration":"8299ms","ip":"::1","level":"info","message":"HTTP Request","method":"POST","service":"websocket-app","status":200,"timestamp":"2026-02-12 22:56:49","url":"/login"}
{"duration":"446ms","ip":"::1","level":"info","message":"HTTP Request","method":"POST","service":"websocket-app","status":200,"timestamp":"2026-02-12 22:56:52","url":"/login"}
{"duration":"3511ms","ip":"::1","level":"info","message":"HTTP Request","method":"GET","service":"websocket-app","status":304,"timestamp":"2026-02-12 22:56:53","url":"/"}
{"duration":"191ms","ip":"::1","level":"info","message":"HTTP Request","method":"GET","service":"websocket-app","status":304,"timestamp":"2026-02-12 22:56:53","url":"/"}
{"duration":"9745ms","ip":"::1","level":"info","message":"HTTP Request","method":"POST","service":"websocket-app","status":200,"timestamp":"2026-02-13 01:01:24","url":"/login"}
{"duration":"6718ms","ip":"::1","level":"info","message":"HTTP Request","method":"GET","service":"websocket-app","status":304,"timestamp":"2026-02-13 01:01:31","url":"/"}
{"duration":"8685ms","ip":"::1","level":"info","message":"HTTP Request","method":"POST","service":"websocket-app","status":200,"timestamp":"2026-02-13 01:05:34","url":"/login"}
{"duration":"2657ms","ip":"::1","level":"info","message":"HTTP Request","method":"GET","service":"websocket-app","status":304,"timestamp":"2026-02-13 01:05:37","url":"/"}
{"duration":"6550ms","ip":"::1","level":"info","message":"HTTP Request","method":"GET","service":"websocket-app","status":304,"timestamp":"2026-02-13 01:08:17","url":"/"}
{"duration":"1951ms","ip":"::1","level":"info","message":"HTTP Request","method":"GET","service":"websocket-app","status":304,"timestamp":"2026-02-13 01:08:32","url":"/"}
{"duration":"19ms","ip":"::1","level":"info","message":"HTTP Request","method":"GET","service":"websocket-app","status":401,"timestamp":"2026-02-13 12:00:44","url":"/"}
{"duration":"12ms","ip":"::1","level":"info","message":"HTTP Request","method":"GET","service":"websocket-app","status":404,"timestamp":"2026-02-13 12:00:44","url":"/favicon.ico"}
{"duration":"1ms","ip":"::1","level":"info","message":"HTTP Request","method":"GET","service":"websocket-app","status":401,"timestamp":"2026-02-13 12:00:50","url":"/"}
{"duration":"8075ms","ip":"::1","level":"info","message":"HTTP Request","method":"POST","service":"websocket-app","status":200,"timestamp":"2026-02-13 12:01:18","url":"/login"}
{"duration":"13844ms","ip":"::1","level":"info","message":"HTTP Request","method":"GET","service":"websocket-app","status":304,"timestamp":"2026-02-13 12:01:32","url":"/"}
{"duration":"3754ms","ip":"::1","level":"info","message":"HTTP Request","method":"POST","service":"websocket-app","status":200,"timestamp":"2026-02-13 12:02:09","url":"/login"}
{"duration":"2746ms","ip":"::1","level":"info","message":"HTTP Request","method":"GET","service":"websocket-app","status":304,"timestamp":"2026-02-13 12:02:12","url":"/"}
{"duration":"4ms","ip":"::1","level":"info","message":"HTTP Request","method":"GET","service":"websocket-app","status":401,"timestamp":"2026-02-13 12:12:08","url":"/"}
{"duration":"4ms","ip":"::1","level":"info","message":"HTTP Request","method":"GET","service":"websocket-app","status":401,"timestamp":"2026-02-13 12:12:13","url":"/"}
{"duration":"7562ms","ip":"::1","level":"info","message":"HTTP Request","method":"POST","service":"websocket-app","status":200,"timestamp":"2026-02-13 12:12:47","url":"/login"}
{"duration":"2178ms","ip":"::1","level":"info","message":"HTTP Request","method":"GET","service":"websocket-app","status":304,"timestamp":"2026-02-13 12:12:49","url":"/"}
{"duration":"3700ms","ip":"::1","level":"info","message":"HTTP Request","method":"POST","service":"websocket-app","status":200,"timestamp":"2026-02-13 12:13:06","url":"/login"}
{"duration":"2356ms","ip":"::1","level":"info","message":"HTTP Request","method":"GET","service":"websocket-app","status":304,"timestamp":"2026-02-13 12:13:08","url":"/"}
{"duration":"1ms","ip":"::1","level":"info","message":"HTTP Request","method":"GET","service":"websocket-app","status":401,"timestamp":"2026-02-13 12:16:27","url":"/"}
{"duration":"11000ms","ip":"::1","level":"info","message":"HTTP Request","method":"POST","service":"websocket-app","status":201,"timestamp":"2026-02-13 12:17:05","url":"/register"}
{"duration":"2993ms","ip":"::1","level":"info","message":"HTTP Request","method":"GET","service":"websocket-app","status":304,"timestamp":"2026-02-13 12:17:08","url":"/"}
{"duration":"2504ms","ip":"::1","level":"info","message":"HTTP Request","method":"GET","service":"websocket-app","status":304,"timestamp":"2026-02-13 12:17:32","url":"/"}
{"duration":"9424ms","ip":"::1","level":"info","message":"HTTP Request","method":"GET","service":"websocket-app","status":304,"timestamp":"2026-02-13 13:13:41","url":"/"}
{"duration":"260ms","ip":"::1","level":"info","message":"HTTP Request","method":"GET","service":"websocket-app","status":304,"timestamp":"2026-02-13 13:13:41","url":"/"}
{"duration":"13406ms","ip":"::1","level":"info","message":"HTTP Request","method":"GET","service":"websocket-app","status":304,"timestamp":"2026-02-13 13:15:06","url":"/"}
{"duration":"10470ms","ip":"::1","level":"info","message":"HTTP Request","method":"GET","service":"websocket-app","status":304,"timestamp":"2026-02-13 13:46:38","url":"/"}
{"duration":"322ms","ip":"::1","level":"info","message":"HTTP Request","method":"GET","service":"websocket-app","status":304,"timestamp":"2026-02-13 13:46:38","url":"/"}
{"duration":"4268ms","ip":"::1","level":"info","message":"HTTP Request","method":"GET","service":"websocket-app","status":304,"timestamp":"2026-02-13 13:46:57","url":"/"}
{"duration":"432ms","ip":"::1","level":"info","message":"HTTP Request","method":"GET","service":"websocket-app","status":304,"timestamp":"2026-02-13 13:47:06","url":"/"}
{"duration":"1ms","ip":"::1","level":"info","message":"HTTP Request","method":"GET","service":"websocket-app","status":401,"timestamp":"2026-02-13 13:47:18","url":"/"}
{"duration":"0ms","ip":"::1","level":"info","message":"HTTP Request","method":"GET","service":"websocket-app","status":401,"timestamp":"2026-02-13 13:47:20","url":"/"}
{"duration":"10729ms","ip":"::1","level":"info","message":"HTTP Request","method":"POST","service":"websocket-app","status":200,"timestamp":"2026-02-13 13:47:47","url":"/login"}
{"duration":"6927ms","ip":"::1","level":"info","message":"HTTP Request","method":"GET","service":"websocket-app","status":304,"timestamp":"2026-02-13 13:47:54","url":"/"}
{"duration":"4012ms","ip":"::1","level":"info","message":"HTTP Request","method":"POST","service":"websocket-app","status":200,"timestamp":"2026-02-13 13:48:03","url":"/login"}
{"duration":"409ms","ip":"::1","level":"info","message":"HTTP Request","method":"GET","service":"websocket-app","status":304,"timestamp":"2026-02-13 13:48:03","url":"/"}
{"duration":"591ms","ip":"::1","level":"info","message":"HTTP Request","method":"GET","service":"websocket-app","status":304,"timestamp":"2026-02-13 13:48:34","url":"/"}
{"duration":"14773ms","ip":"::1","level":"info","message":"HTTP Request","method":"GET","service":"websocket-app","status":304,"timestamp":"2026-02-13 13:49:28","url":"/"}
{"duration":"424ms","ip":"::1","level":"info","message":"HTTP Request","method":"GET","service":"websocket-app","status":304,"timestamp":"2026-02-13 13:49:28","url":"/"}
{"duration":"647ms","ip":"::1","level":"info","message":"HTTP Request","method":"GET","service":"websocket-app","status":304,"timestamp":"2026-02-13 13:52:02","url":"/"}
{"duration":"2885ms","ip":"::1","level":"info","message":"HTTP Request","method":"GET","service":"websocket-app","status":304,"timestamp":"2026-02-13 14:43:41","url":"/"}
{"duration":"305ms","ip":"::1","level":"info","message":"HTTP Request","method":"GET","service":"websocket-app","status":304,"timestamp":"2026-02-13 14:43:47","url":"/"}
{"duration":"2470ms","ip":"::1","level":"info","message":"HTTP Request","method":"GET","service":"websocket-app","status":304,"timestamp":"2026-02-13 14:44:31","url":"/"}
{"duration":"2655ms","ip":"::1","level":"info","message":"HTTP Request","method":"GET","service":"websocket-app","status":304,"timestamp":"2026-02-13 15:16:06","url":"/"}
{"duration":"2830ms","ip":"::1","level":"info","message":"HTTP Request","method":"GET","service":"websocket-app","status":304,"timestamp":"2026-02-13 15:19:06","url":"/"}
{"duration":"1ms","ip":"::1","level":"info","message":"HTTP Request","method":"GET","service":"websocket-app","status":401,"timestamp":"2026-02-13 15:19:07","url":"/"}
{"duration":"0ms","ip":"::1","level":"info","message":"HTTP Request","method":"GET","service":"websocket-app","status":401,"timestamp":"2026-02-13 15:19:10","url":"/"}
{"duration":"1ms","ip":"::1","level":"info","message":"HTTP Request","method":"GET","service":"websocket-app","status":401,"timestamp":"2026-02-13 15:19:13","url":"/"}
{"duration":"2638ms","ip":"::1","level":"info","message":"HTTP Request","method":"POST","service":"websocket-app","status":200,"timestamp":"2026-02-13 15:19:32","url":"/login"}
{"duration":"2252ms","ip":"::1","level":"info","message":"HTTP Request","method":"GET","service":"websocket-app","status":304,"timestamp":"2026-02-13 15:19:35","url":"/"}
{"duration":"5ms","ip":"::1","level":"info","message":"HTTP Request","method":"GET","service":"websocket-app","status":401,"timestamp":"2026-02-13 15:19:51","url":"/"}
{"duration":"2ms","ip":"::1","level":"info","message":"HTTP Request","method":"GET","service":"websocket-app","status":404,"timestamp":"2026-02-13 15:19:51","url":"/favicon.ico"}
{"duration":"3013ms","ip":"::1","level":"info","message":"HTTP Request","method":"POST","service":"websocket-app","status":200,"timestamp":"2026-02-13 15:20:14","url":"/login"}
{"duration":"2755ms","ip":"::1","level":"info","message":"HTTP Request","method":"GET","service":"websocket-app","status":200,"timestamp":"2026-02-13 15:20:16","url":"/"}
{"duration":"1ms","ip":"::1","level":"info","message":"HTTP Request","method":"GET","service":"websocket-app","status":401,"timestamp":"2026-02-13 15:34:19","url":"/"}
{"duration":"2014ms","ip":"::1","level":"info","message":"HTTP Request","method":"POST","service":"websocket-app","status":200,"timestamp":"2026-02-13 15:34:35","url":"/login"}
{"duration":"2383ms","ip":"::1","level":"info","message":"HTTP Request","method":"GET","service":"websocket-app","status":304,"timestamp":"2026-02-13 15:34:38","url":"/"}
